  Determining projects to restore...
  All projects are up-to-date for restore.
  soccer-gpt-application -> /Users/shivm/Workspace/soccer-gpt-api/src/soccer-gpt-application/bin/Debug/net9.0/soccer-gpt-application.dll
/Users/shivm/Workspace/soccer-gpt-api/src/soccer-gpt-infrastructure/Services/Analysis/CongestionAnalysisService.cs(6,65): warning CS9113: Parameter '_' is unread. [/Users/shivm/Workspace/soccer-gpt-api/src/soccer-gpt-infrastructure/soccer-gpt-infrastructure.csproj]
/Users/shivm/Workspace/soccer-gpt-api/src/soccer-gpt-infrastructure/Services/Analysis/CongestionAnalysisService.cs(6,103): warning CS9113: Parameter '__' is unread. [/Users/shivm/Workspace/soccer-gpt-api/src/soccer-gpt-infrastructure/soccer-gpt-infrastructure.csproj]
/Users/shivm/Workspace/soccer-gpt-api/src/soccer-gpt-infrastructure/Services/ExcelToSqliteMigrationService.cs(138,37): error CS0104: 'Match' is an ambiguous reference between 'soccer_gpt_infrastructure.Persistence.Entities.Match' and 'System.Text.RegularExpressions.Match' [/Users/shivm/Workspace/soccer-gpt-api/src/soccer-gpt-infrastructure/soccer-gpt-infrastructure.csproj]
/Users/shivm/Workspace/soccer-gpt-api/src/soccer-gpt-infrastructure/Services/ExcelToSqliteMigrationService.cs(76,35): warning CS8604: Possible null reference argument for parameter 'columnName' in 'object DataRow.this[string columnName]'. [/Users/shivm/Workspace/soccer-gpt-api/src/soccer-gpt-infrastructure/soccer-gpt-infrastructure.csproj]
/Users/shivm/Workspace/soccer-gpt-api/src/soccer-gpt-infrastructure/Services/ExcelToSqliteMigrationService.cs(79,40): warning CS8604: Possible null reference argument for parameter 'columnName' in 'object DataRow.this[string columnName]'. [/Users/shivm/Workspace/soccer-gpt-api/src/soccer-gpt-infrastructure/soccer-gpt-infrastructure.csproj]
/Users/shivm/Workspace/soccer-gpt-api/src/soccer-gpt-infrastructure/Services/ExcelToSqliteMigrationService.cs(80,40): warning CS8604: Possible null reference argument for parameter 'columnName' in 'object DataRow.this[string columnName]'. [/Users/shivm/Workspace/soccer-gpt-api/src/soccer-gpt-infrastructure/soccer-gpt-infrastructure.csproj]
/Users/shivm/Workspace/soccer-gpt-api/src/soccer-gpt-infrastructure/Services/ExcelToSqliteMigrationService.cs(101,39): warning CS8604: Possible null reference argument for parameter 'columnName' in 'object DataRow.this[string columnName]'. [/Users/shivm/Workspace/soccer-gpt-api/src/soccer-gpt-infrastructure/soccer-gpt-infrastructure.csproj]
/Users/shivm/Workspace/soccer-gpt-api/src/soccer-gpt-infrastructure/Services/ExcelToSqliteMigrationService.cs(115,35): warning CS8604: Possible null reference argument for parameter 'columnName' in 'object DataRow.this[string columnName]'. [/Users/shivm/Workspace/soccer-gpt-api/src/soccer-gpt-infrastructure/soccer-gpt-infrastructure.csproj]
/Users/shivm/Workspace/soccer-gpt-api/src/soccer-gpt-infrastructure/Services/ExcelToSqliteMigrationService.cs(118,38): warning CS8604: Possible null reference argument for parameter 'columnName' in 'object DataRow.this[string columnName]'. [/Users/shivm/Workspace/soccer-gpt-api/src/soccer-gpt-infrastructure/soccer-gpt-infrastructure.csproj]
/Users/shivm/Workspace/soccer-gpt-api/src/soccer-gpt-infrastructure/Services/ExcelToSqliteMigrationService.cs(119,38): warning CS8604: Possible null reference argument for parameter 'columnName' in 'object DataRow.this[string columnName]'. [/Users/shivm/Workspace/soccer-gpt-api/src/soccer-gpt-infrastructure/soccer-gpt-infrastructure.csproj]
/Users/shivm/Workspace/soccer-gpt-api/src/soccer-gpt-infrastructure/Services/InMemoryHistoricalDataService.cs(145,46): warning CS8604: Possible null reference argument for parameter 'columnName' in 'object DataRow.this[string columnName]'. [/Users/shivm/Workspace/soccer-gpt-api/src/soccer-gpt-infrastructure/soccer-gpt-infrastructure.csproj]
/Users/shivm/Workspace/soccer-gpt-api/src/soccer-gpt-infrastructure/Services/InMemoryHistoricalDataService.cs(146,46): warning CS8604: Possible null reference argument for parameter 'columnName' in 'object DataRow.this[string columnName]'. [/Users/shivm/Workspace/soccer-gpt-api/src/soccer-gpt-infrastructure/soccer-gpt-infrastructure.csproj]
/Users/shivm/Workspace/soccer-gpt-api/src/soccer-gpt-infrastructure/Services/InMemoryHistoricalDataService.cs(147,43): warning CS8604: Possible null reference argument for parameter 'columnName' in 'object DataRow.this[string columnName]'. [/Users/shivm/Workspace/soccer-gpt-api/src/soccer-gpt-infrastructure/soccer-gpt-infrastructure.csproj]

Build FAILED.

/Users/shivm/Workspace/soccer-gpt-api/src/soccer-gpt-infrastructure/Services/Analysis/CongestionAnalysisService.cs(6,65): warning CS9113: Parameter '_' is unread. [/Users/shivm/Workspace/soccer-gpt-api/src/soccer-gpt-infrastructure/soccer-gpt-infrastructure.csproj]
/Users/shivm/Workspace/soccer-gpt-api/src/soccer-gpt-infrastructure/Services/Analysis/CongestionAnalysisService.cs(6,103): warning CS9113: Parameter '__' is unread. [/Users/shivm/Workspace/soccer-gpt-api/src/soccer-gpt-infrastructure/soccer-gpt-infrastructure.csproj]
/Users/shivm/Workspace/soccer-gpt-api/src/soccer-gpt-infrastructure/Services/ExcelToSqliteMigrationService.cs(76,35): warning CS8604: Possible null reference argument for parameter 'columnName' in 'object DataRow.this[string columnName]'. [/Users/shivm/Workspace/soccer-gpt-api/src/soccer-gpt-infrastructure/soccer-gpt-infrastructure.csproj]
/Users/shivm/Workspace/soccer-gpt-api/src/soccer-gpt-infrastructure/Services/ExcelToSqliteMigrationService.cs(79,40): warning CS8604: Possible null reference argument for parameter 'columnName' in 'object DataRow.this[string columnName]'. [/Users/shivm/Workspace/soccer-gpt-api/src/soccer-gpt-infrastructure/soccer-gpt-infrastructure.csproj]
/Users/shivm/Workspace/soccer-gpt-api/src/soccer-gpt-infrastructure/Services/ExcelToSqliteMigrationService.cs(80,40): warning CS8604: Possible null reference argument for parameter 'columnName' in 'object DataRow.this[string columnName]'. [/Users/shivm/Workspace/soccer-gpt-api/src/soccer-gpt-infrastructure/soccer-gpt-infrastructure.csproj]
/Users/shivm/Workspace/soccer-gpt-api/src/soccer-gpt-infrastructure/Services/ExcelToSqliteMigrationService.cs(101,39): warning CS8604: Possible null reference argument for parameter 'columnName' in 'object DataRow.this[string columnName]'. [/Users/shivm/Workspace/soccer-gpt-api/src/soccer-gpt-infrastructure/soccer-gpt-infrastructure.csproj]
/Users/shivm/Workspace/soccer-gpt-api/src/soccer-gpt-infrastructure/Services/ExcelToSqliteMigrationService.cs(115,35): warning CS8604: Possible null reference argument for parameter 'columnName' in 'object DataRow.this[string columnName]'. [/Users/shivm/Workspace/soccer-gpt-api/src/soccer-gpt-infrastructure/soccer-gpt-infrastructure.csproj]
/Users/shivm/Workspace/soccer-gpt-api/src/soccer-gpt-infrastructure/Services/ExcelToSqliteMigrationService.cs(118,38): warning CS8604: Possible null reference argument for parameter 'columnName' in 'object DataRow.this[string columnName]'. [/Users/shivm/Workspace/soccer-gpt-api/src/soccer-gpt-infrastructure/soccer-gpt-infrastructure.csproj]
/Users/shivm/Workspace/soccer-gpt-api/src/soccer-gpt-infrastructure/Services/ExcelToSqliteMigrationService.cs(119,38): warning CS8604: Possible null reference argument for parameter 'columnName' in 'object DataRow.this[string columnName]'. [/Users/shivm/Workspace/soccer-gpt-api/src/soccer-gpt-infrastructure/soccer-gpt-infrastructure.csproj]
/Users/shivm/Workspace/soccer-gpt-api/src/soccer-gpt-infrastructure/Services/InMemoryHistoricalDataService.cs(145,46): warning CS8604: Possible null reference argument for parameter 'columnName' in 'object DataRow.this[string columnName]'. [/Users/shivm/Workspace/soccer-gpt-api/src/soccer-gpt-infrastructure/soccer-gpt-infrastructure.csproj]
/Users/shivm/Workspace/soccer-gpt-api/src/soccer-gpt-infrastructure/Services/InMemoryHistoricalDataService.cs(146,46): warning CS8604: Possible null reference argument for parameter 'columnName' in 'object DataRow.this[string columnName]'. [/Users/shivm/Workspace/soccer-gpt-api/src/soccer-gpt-infrastructure/soccer-gpt-infrastructure.csproj]
/Users/shivm/Workspace/soccer-gpt-api/src/soccer-gpt-infrastructure/Services/InMemoryHistoricalDataService.cs(147,43): warning CS8604: Possible null reference argument for parameter 'columnName' in 'object DataRow.this[string columnName]'. [/Users/shivm/Workspace/soccer-gpt-api/src/soccer-gpt-infrastructure/soccer-gpt-infrastructure.csproj]
/Users/shivm/Workspace/soccer-gpt-api/src/soccer-gpt-infrastructure/Services/ExcelToSqliteMigrationService.cs(138,37): error CS0104: 'Match' is an ambiguous reference between 'soccer_gpt_infrastructure.Persistence.Entities.Match' and 'System.Text.RegularExpressions.Match' [/Users/shivm/Workspace/soccer-gpt-api/src/soccer-gpt-infrastructure/soccer-gpt-infrastructure.csproj]
    12 Warning(s)
    1 Error(s)

Time Elapsed 00:00:00.73
